[namhocit.com/index.html]
[backblue.gif]
[fade.gif]
[index.html]
[namhocit.com/wp-content/themes/flatsome/assets/js/chunk.countup.fe2c1016.js]
[namhocit.com/wp-content/themes/flatsome/assets/js/chunk.sticky-sidebar.a58a6557.js]
[namhocit.com/wp-content/themes/flatsome/assets/js/chunk.tooltips.29144c1c.js]
[namhocit.com/feed/index.html]
[namhocit.com/wp-content/themes/flatsome/assets/js/chunk.vendors-popups.947eca5c.js]
[namhocit.com/comments/feed/index.html]
[namhocit.com/wp-content/themes/flatsome/assets/js/chunk.vendors-slider.f0d2cbc9.js]
[namhocit.com/wp-content/plugins/contact-form-7/includes/css/stylesfc7a.css]
[namhocit.com/wp-content/themes/flatsome/assets/css/flatsome2855.css]
[namhocit.com/wp-content/themes/flatsome/assets/css/icons/fl-icons8cc2.eot]
[namhocit.com/wp-content/themes/flatsome/assets/css/icons/fl-icons.eot]
[namhocit.com/wp-content/themes/flatsome/assets/css/icons/fl-icons8cc2.woff2]
[namhocit.com/wp-content/themes/flatsome/assets/css/icons/fl-icons8cc2.ttf]
[namhocit.com/wp-content/themes/flatsome/assets/css/icons/fl-icons8cc2.woff]
[namhocit.com/wp-content/themes/flatsome/assets/css/icons/fl-icons8cc2.svg]
[namhocit.com/wp-content/themes/hainam/style6aec.css]
[namhocit.com/wp-includes/js/jquery/jquery.minf43b.js]
[namhocit.com/wp-includes/js/jquery/jquery-migrate.min5589.js]
[namhocit.com/wp-json/index.html]
[namhocit.com/wp-json/wp/v2/pages/45.json]
[namhocit.com/xmlrpc0db0.php]
[namhocit.com/wp-json/oembed/1.0/embed8aac.json]
[namhocit.com/wp-json/oembed/1.0/embed0fd4]
[namhocit.com/wp-content/uploads/2022/06/cropped-logo-namhocit-32x32.png]
[namhocit.com/wp-content/uploads/2022/06/cropped-logo-namhocit-192x192.png]
[namhocit.com/wp-content/uploads/2022/06/cropped-logo-namhocit-180x180.png]
[namhocit.com/wp-content/uploads/2022/06/logo-namhocit.png]
[namhocit.com/wp-content/uploads/2025/05/lightroom-cs6-19.jpg]
[namhocit.com/wp-content/uploads/2022/08/idm-full-crack-300x169.jpg]
[namhocit.com/category/phan-mem-may-tinh/index.html]
[namhocit.com/category/do-hoa-video/index.html]
[namhocit.com/category/office/index.html]
[namhocit.com/category/windows/index.html]
[namhocit.com/lightroom-cs6/index.html]
[namhocit.com/wp-content/uploads/2025/04/adobe-illustrator-cs6-11-300x168.jpg]
[namhocit.com/tai-idm/index.html]
[namhocit.com/wp-content/uploads/2025/04/autocad-2007-1-300x168.jpg]
[namhocit.com/adobe-illustrator-cs6/index.html]
[namhocit.com/wp-content/uploads/2025/04/3ds-max-2020-1-300x174.jpg]
[namhocit.com/autocad-2007-full/index.html]
[namhocit.com/wp-content/uploads/2022/07/office-2010-full-300x200.jpg]
[namhocit.com/3ds-max-2020/index.html]
[namhocit.com/tai-office-2010/index.html]
[namhocit.com/wp-content/uploads/2022/08/office-2019-full-crack-300x184.jpg]
[namhocit.com/office-2019/index.html]
[namhocit.com/microsoft-office-365/index.html]
[namhocit.com/wp-content/uploads/2022/08/office-365-full-crack-300x143.jpg]
[namhocit.com/wp-content/uploads/2022/09/office-2021-1-300x179.jpg]
[namhocit.com/office-2021/index.html]
[namhocit.com/office-2024/index.html]
[namhocit.com/wp-content/uploads/2025/03/office-2024-300x169.jpg]
[namhocit.com/wp-content/uploads/2022/09/key-office-2010-1-300x184.jpg]
[namhocit.com/wp-content/uploads/2022/09/key-office-2016-1-300x184.jpg]
[namhocit.com/key-office-2010/index.html]
[namhocit.com/key-office-2016/index.html]
[namhocit.com/wp-content/uploads/2022/09/key-office-2013-1-300x161.jpg]
[namhocit.com/key-office-2013/index.html]
[namhocit.com/wp-content/uploads/2022/08/idm-full-crack.jpg]
[namhocit.com/wp-content/uploads/2022/09/sound-booster-300x187.jpg]
[namhocit.com/wp-content/uploads/2022/09/kmsauto-full-crack-300x169.jpg]
[namhocit.com/tai-sound-booster/index.html]
[namhocit.com/wp-content/uploads/2025/04/adobe-illustrator-cs6-11.jpg]
[namhocit.com/tai-kmsauto/index.html]
[namhocit.com/wp-content/uploads/2025/04/autocad-2007-1.jpg]
[namhocit.com/wp-content/uploads/2025/04/3ds-max-2020-1.jpg]
[namhocit.com/wp-content/uploads/2025/04/photoshop-2025.jpg]
[namhocit.com/wp-content/uploads/2025/04/photoshop-2024-15.jpg]
[namhocit.com/tai-photoshop-2025/index.html]
[namhocit.com/photoshop-2024/index.html]
[namhocit.com/wp-content/uploads/2022/06/cach-cai-dat-autocad-2021-buoc-15.jpg]
[namhocit.com/wp-content/uploads/2025/05/lightroom-cs6-19-300x165.jpg]
[namhocit.com/autocad-2021/index.html]
[namhocit.com/wp-content/uploads/2025/04/photoshop-2025-300x168.jpg]
[namhocit.com/wp-content/uploads/2025/04/photoshop-2024-15-300x168.jpg]
[namhocit.com/wp-content/uploads/2022/06/cach-cai-dat-autocad-2021-buoc-15-300x189.jpg]
[namhocit.com/wp-includes/js/dist/hooks.min4fdd.js]
[namhocit.com/wp-includes/js/dist/i18n.minc33c.js]
[namhocit.com/wp-content/plugins/contact-form-7/includes/swv/js/indexfc7a.js]
[namhocit.com/wp-content/plugins/contact-form-7/includes/js/indexfc7a.js]
[namhocit.com/wp-content/themes/flatsome/inc/extensions/flatsome-live-search/flatsome-live-search2855.js]
[namhocit.com/wp-includes/js/dist/vendor/wp-polyfill.min2c7c.js]
[namhocit.com/wp-includes/js/hoverIntent.min3e5a.js]
[namhocit.com/index.html]
[namhocit.com/xmlrpc.php]
[namhocit.com/wp-content/plugins/contact-form-7/includes/css/stylesfc7a.css]
[namhocit.com/wp-content/themes/flatsome/assets/js/flatsome334f.js]
[namhocit.com/wp-content/themes/flatsome/assets/img/shadow@2x.png]
[namhocit.com/wp-content/themes/flatsome/assets/img/underline.png]
[namhocit.com/wp-content/themes/flatsome/assets/css/flatsome2855.css]
[namhocit.com/wp-content/themes/flatsome/assets/css/icons/fl-icons8cc2.svg]
[namhocit.com/wp-content/themes/hainam/style6aec.css]
[namhocit.com/wp-json/wp/v2/categories/10.json]
[namhocit.com/category/phan-mem-may-tinh/page/2/index.html]
[namhocit.com/wp-content/uploads/2022/09/chew-wga-v0-9.jpg]
[namhocit.com/category/phan-mem-may-tinh/feed/index.html]
[namhocit.com/wp-content/uploads/2022/08/badicam-full-crack.jpg]
[namhocit.com/chew-wga/index.html]
[namhocit.com/wp-content/uploads/2022/08/winrar-full-crack.jpg]
[namhocit.com/wp-content/uploads/2022/10/onekey-ghost-win-11.jpg]
[namhocit.com/bandicam/index.html]
[namhocit.com/tai-winrar/index.html]
[namhocit.com/wp-content/uploads/2022/08/spss-26-full-crack.jpg]
[namhocit.com/onekey-ghost/index.html]
[namhocit.com/wp-content/uploads/2022/10/microsoft-toolkit.jpg]
[namhocit.com/wp-content/uploads/2022/08/foxit-reader-full-crack.jpg]
[namhocit.com/wp-content/uploads/2022/08/ccleaner-pro.jpg]
[namhocit.com/tai-spss-26/index.html]
[namhocit.com/microsoft-toolkit/index.html]
[namhocit.com/wp-content/uploads/2022/06/kmspico-11.jpg]
[namhocit.com/category/phan-mem-may-tinh/index.html]
[namhocit.com/ccleaner-pro/index.html]
[namhocit.com/tai-foxit-reader/index.html]
[namhocit.com/category/phan-mem-may-tinh/page/3/index.html]
[namhocit.com/kmspico/index.html]
[namhocit.com/wp-json/wp/v2/categories/13.json]
[namhocit.com/wp-content/uploads/2022/09/win-7-iso.jpg]
[namhocit.com/category/windows/feed/index.html]
[namhocit.com/win-7-iso/index.html]
[namhocit.com/wp-content/uploads/2025/03/windows-11-pro.jpg]
[namhocit.com/windows-11-pro/index.html]
[namhocit.com/wp-content/uploads/2025/03/dlc-boot-2024.jpg]
[namhocit.com/dlc-boot-2024-iso/index.html]
[namhocit.com/wp-content/uploads/2022/09/windows-10-iso-moi-nhat.jpg]
[namhocit.com/windows-10-iso/index.html]
[namhocit.com/wp-content/uploads/2022/06/aio-tool-3-1-3.jpg]
[namhocit.com/wp-content/uploads/2022/10/active-win-7.jpg]
[namhocit.com/tai-aio-tools/index.html]
[namhocit.com/wp-content/uploads/2022/09/ghost-win-10.jpg]
[namhocit.com/active-win-7/index.html]
[namhocit.com/tai-ghost-win-10/index.html]
[namhocit.com/wp-content/uploads/2022/09/active-win-10.jpg]
[namhocit.com/category/windows/index.html]
[namhocit.com/active-win-10/index.html]
[namhocit.com/wp-json/wp/v2/categories/12.json]
[namhocit.com/wp-content/uploads/2022/07/office-2010-full.jpg]
[namhocit.com/category/office/page/2/index.html]
[namhocit.com/category/office/feed/index.html]
[namhocit.com/wp-content/uploads/2022/08/office-2019-full-crack.jpg]
[namhocit.com/wp-content/uploads/2022/08/office-365-full-crack.jpg]
[namhocit.com/wp-content/uploads/2022/09/office-2021-1.jpg]
[namhocit.com/wp-content/uploads/2025/03/office-2024.jpg]
[namhocit.com/wp-content/uploads/2022/09/key-office-2010-1.jpg]
[namhocit.com/wp-content/uploads/2022/09/key-office-2016-1.jpg]
[namhocit.com/wp-content/uploads/2022/09/key-office-2013-1.jpg]
[namhocit.com/wp-content/uploads/2022/09/crack-office-20210-bang-toolkit-1.jpg]
[namhocit.com/wp-content/uploads/2022/09/active-office-2019.jpg]
[namhocit.com/category/office/index.html]
[namhocit.com/cach-active-office-2010/index.html]
[namhocit.com/wp-json/wp/v2/categories/1.json]
[namhocit.com/cach-active-office-2019/index.html]
[namhocit.com/wp-content/uploads/2022/12/filmora-11-full-crack.jpg]
[namhocit.com/category/do-hoa-video/feed/index.html]
[namhocit.com/wp-content/uploads/2022/07/autocad-2017-full.jpg]
[namhocit.com/filmora-11-full/index.html]
[namhocit.com/wp-content/uploads/2025/04/autocad-2026-1.jpg]
[namhocit.com/category/do-hoa-video/index.html]
[namhocit.com/autocad-2017/index.html]
[namhocit.com/category/do-hoa-video/page/2/index.html]
[namhocit.com/category/do-hoa-video/page/3/index.html]
[namhocit.com/autocad-2026/index.html]
[namhocit.com/wp-content/plugins/fixed-toc/frontend/assets/css/ftoc.min0ffa.css]
[namhocit.com/category/do-hoa-video/page/4/index.html]
[namhocit.com/category/do-hoa-video/page/5/index.html]
[namhocit.com/wp-json/wp/v2/posts/3558.json]
[namhocit.com/lightroom-cs6/feed/index.html]
[namhocit.com/wp-json/oembed/1.0/embed3cdf.json]
[namhocit.com/wp-json/oembed/1.0/embed415f]
[namhocit.com/wp-content/uploads/2025/05/lightroom-cs6-20.jpg]
[namhocit.com/author/thanhhang/index.html]
[namhocit.com/wp-content/uploads/2025/05/lightroom-cs6-21.jpg]
[namhocit.com/wp-content/uploads/2025/05/lightroom-cs6-1.jpg]
[namhocit.com/wp-content/uploads/2025/05/lightroom-cs6-2.jpg]
[namhocit.com/wp-content/uploads/2025/05/lightroom-cs6-3.jpg]
[namhocit.com/wp-content/uploads/2025/05/lightroom-cs6-4.jpg]
[namhocit.com/wp-content/uploads/2025/05/lightroom-cs6-5.jpg]
[namhocit.com/wp-content/uploads/2025/05/lightroom-cs6-6.jpg]
[namhocit.com/wp-content/uploads/2025/05/lightroom-cs6-7.jpg]
[namhocit.com/wp-content/uploads/2025/05/lightroom-cs6-8.jpg]
[namhocit.com/wp-content/uploads/2025/05/lightroom-cs6-9.jpg]
[namhocit.com/wp-content/uploads/2025/05/lightroom-cs6-10.jpg]
[namhocit.com/wp-content/uploads/2025/05/lightroom-cs6-11.jpg]
[namhocit.com/wp-content/uploads/2025/05/lightroom-cs6-12.jpg]
[namhocit.com/wp-content/uploads/2025/05/lightroom-cs6-13.jpg]
[namhocit.com/wp-content/uploads/2025/05/lightroom-cs6-14.jpg]
[namhocit.com/wp-content/uploads/2025/05/lightroom-cs6-15.jpg]
[namhocit.com/wp-content/uploads/2025/05/lightroom-cs6-16.jpg]
[namhocit.com/wp-content/uploads/2025/05/lightroom-cs6-17.jpg]
[namhocit.com/wp-content/uploads/2025/05/lightroom-cs6-18.jpg]
[namhocit.com/wp-content/uploads/2022/12/filmora-11-full-crack-300x168.jpg]
[namhocit.com/wp-content/uploads/2022/07/autocad-2017-full-300x168.jpg]
[namhocit.com/wp-content/plugins/google-captcha/css/gglcptchadff.css]
[namhocit.com/wp-content/plugins/fixed-toc/frontend/assets/js/ftoc.min0ffa.js]
[namhocit.com/wp-includes/js/comment-reply.min0899.js]
[namhocit.com/wp-content/plugins/akismet/_inc/akismet-frontendf5a6.js]
[www.google.com/recaptcha/apid35e.js]
[namhocit.com/lightroom-cs6/index.html]
[namhocit.com/wp-content/plugins/google-captcha/js/scriptadff.js]
[namhocit.com/wp-json/wp/v2/posts/964.json]
[namhocit.com/tai-idm/feed/index.html]
[namhocit.com/wp-json/oembed/1.0/embed3c65.json]
[namhocit.com/wp-json/oembed/1.0/embedd5d5]
[namhocit.com/wp-content/uploads/2022/06/tai-ngay.png]
[namhocit.com/wp-content/uploads/2022/08/cai-dat-idm.jpg]
[namhocit.com/wp-content/uploads/2022/08/cai-dat-idm-full.jpg]
[namhocit.com/wp-content/uploads/2022/08/cai-dat-idm-full-crack.jpg]
[namhocit.com/wp-content/uploads/2022/08/cai-dat-idm-full-crack-vinh-vien.jpg]
[namhocit.com/wp-content/uploads/2022/08/cai-dat-idm-full-vinh-vien.jpg]
[namhocit.com/wp-content/uploads/2022/08/cai-dat-idm-full-crack-buoc-7.jpg]
[namhocit.com/wp-content/uploads/2022/08/cai-dat-idm-full-crack-buoc-8.jpg]
[namhocit.com/wp-content/uploads/2022/08/cai-dat-idm-full-crack-buoc-9.jpg]
[namhocit.com/wp-content/uploads/2022/08/cai-dat-idm-full-crack-buoc-10.jpg]
[namhocit.com/wp-content/uploads/2022/08/cai-dat-idm-full-crack-buoc-11.jpg]
[namhocit.com/wp-content/uploads/2022/08/cai-dat-idm-full-crack-buoc-12.jpg]
[namhocit.com/wp-content/uploads/2022/08/cai-dat-idm-full-crack-buoc-13.jpg]
[namhocit.com/wp-content/uploads/2022/08/cai-dat-idm-full-crack-buoc-14.jpg]
[namhocit.com/wp-content/uploads/2022/08/cai-dat-idm-full-crack-buoc-15.jpg]
[namhocit.com/wp-content/uploads/2022/08/cai-dat-idm-full-crack-buoc-16.jpg]
[namhocit.com/wp-content/uploads/2022/08/cai-dat-idm-full-crack-buoc-17.jpg]
[namhocit.com/wp-content/uploads/2022/08/cai-dat-idm-full-crack-buoc-18.jpg]
[namhocit.com/wp-content/uploads/2022/08/cai-dat-idm-full-crack-buoc-19.jpg]
[namhocit.com/wp-content/uploads/2024/01/su-dung-idm-1.jpg]
[namhocit.com/wp-content/uploads/2024/01/su-dung-idm-2.jpg]
[namhocit.com/wp-content/uploads/2024/01/su-dung-idm-3.jpg]
[namhocit.com/wp-content/uploads/2024/01/su-dung-idm-4.jpg]
[namhocit.com/wp-content/uploads/2024/01/su-dung-idm-5.jpg]
[namhocit.com/wp-content/uploads/2024/01/su-dung-idm-6.jpg]
[namhocit.com/wp-content/uploads/2024/01/su-dung-idm-7.jpg]
[namhocit.com/wp-content/uploads/2022/09/chew-wga-v0-9-300x168.jpg]
[namhocit.com/wp-content/uploads/2022/08/badicam-full-crack-300x192.jpg]
[namhocit.com/wp-content/uploads/2022/08/winrar-full-crack-300x172.jpg]
[namhocit.com/wp-content/uploads/2022/10/onekey-ghost-win-11-300x169.jpg]
[namhocit.com/wp-content/uploads/2022/08/spss-26-full-crack-300x142.jpg]
[namhocit.com/wp-content/uploads/2022/10/microsoft-toolkit-300x168.jpg]
[namhocit.com/wp-content/uploads/2022/08/foxit-reader-full-crack-300x187.jpg]
[namhocit.com/wp-content/uploads/2022/08/ccleaner-pro-300x300.jpg]
[namhocit.com/tai-idm/index.html]
[namhocit.com/adobe-illustrator-cs6/feed/index.html]
[namhocit.com/wp-json/wp/v2/posts/3491.json]
[namhocit.com/wp-json/oembed/1.0/embed7811.json]
[namhocit.com/wp-json/oembed/1.0/embedcbc9]
[namhocit.com/wp-content/uploads/2025/04/adobe-illustrator-cs6-12.jpg]
[namhocit.com/wp-content/uploads/2025/04/adobe-illustrator-cs6-2.jpg]
[namhocit.com/wp-content/uploads/2025/04/adobe-illustrator-cs6-3.jpg]
[namhocit.com/wp-content/uploads/2025/04/adobe-illustrator-cs6-4.jpg]
[namhocit.com/wp-content/uploads/2025/04/adobe-illustrator-cs6-5.jpg]
[namhocit.com/wp-content/uploads/2025/04/adobe-illustrator-cs6-6.jpg]
[namhocit.com/wp-content/uploads/2025/04/adobe-illustrator-cs6-7.jpg]
[namhocit.com/wp-content/uploads/2025/04/adobe-illustrator-cs6-8.jpg]
[namhocit.com/wp-content/uploads/2025/04/adobe-illustrator-cs6-9.jpg]
[namhocit.com/wp-content/uploads/2025/04/adobe-illustrator-cs6-10.jpg]
[namhocit.com/wp-content/uploads/2025/04/adobe-illustrator-cs6-1.jpg]
[namhocit.com/adobe-illustrator-cs6/index.html]
[namhocit.com/autocad-2007-full/feed/index.html]
[namhocit.com/wp-json/wp/v2/posts/3469.json]
[namhocit.com/wp-json/oembed/1.0/embedbca8.json]
[namhocit.com/wp-json/oembed/1.0/embedb3b4]
[namhocit.com/wp-content/uploads/2025/04/autocad-2007-2.jpg]
[namhocit.com/wp-content/uploads/2025/04/autocad-2007-3.jpg]
[namhocit.com/wp-content/uploads/2025/04/autocad-2007-4.jpg]
[namhocit.com/wp-content/uploads/2025/04/autocad-2007-5.jpg]
[namhocit.com/wp-content/uploads/2025/04/autocad-2007-6.jpg]
[namhocit.com/wp-content/uploads/2025/04/autocad-2007-7.jpg]
[namhocit.com/wp-content/uploads/2025/04/autocad-2007-8.jpg]
[namhocit.com/wp-content/uploads/2025/04/autocad-2007-9.jpg]
[namhocit.com/wp-content/uploads/2025/04/autocad-2007-10.jpg]
[namhocit.com/wp-content/uploads/2025/04/autocad-2007-11.jpg]
[namhocit.com/wp-content/uploads/2025/04/autocad-2007-12.jpg]
[namhocit.com/wp-content/uploads/2025/04/autocad-2007-13.jpg]
[namhocit.com/wp-content/uploads/2025/04/autocad-2007-14.jpg]
[namhocit.com/wp-content/uploads/2025/04/autocad-2007-15.jpg]
[namhocit.com/wp-content/uploads/2025/04/autocad-2007-16.jpg]
[namhocit.com/wp-content/uploads/2025/04/autocad-2007-17.jpg]
[namhocit.com/wp-content/uploads/2025/04/autocad-2007-18.jpg]
[namhocit.com/wp-content/uploads/2025/04/autocad-2007-19.jpg]
[namhocit.com/wp-content/uploads/2025/04/autocad-2007-20.jpg]
[namhocit.com/autocad-2007-full/index.html]
[namhocit.com/wp-json/wp/v2/posts/3436.json]
[namhocit.com/3ds-max-2020/feed/index.html]
[namhocit.com/wp-json/oembed/1.0/embed5bf3.json]
[namhocit.com/wp-json/oembed/1.0/embedbebf]
[namhocit.com/wp-content/uploads/2025/04/3ds-max-2020-2.jpg]
[namhocit.com/wp-content/uploads/2025/04/3ds-max-2020-3.jpg]
[namhocit.com/wp-content/uploads/2025/04/3ds-max-2020-4.jpg]
[namhocit.com/wp-content/uploads/2025/04/3ds-max-2020-5.jpg]
[namhocit.com/wp-content/uploads/2025/04/3ds-max-2020-6.jpg]
[namhocit.com/wp-content/uploads/2025/04/3ds-max-2020-7.jpg]
[namhocit.com/wp-content/uploads/2025/04/3ds-max-2020-8.jpg]
[namhocit.com/wp-content/uploads/2025/04/3ds-max-2020-9.jpg]
[namhocit.com/wp-content/uploads/2025/04/3ds-max-2020-10.jpg]
[namhocit.com/wp-content/uploads/2025/04/3ds-max-2020-11.jpg]
[namhocit.com/wp-content/uploads/2025/04/3ds-max-2020-12.jpg]
[namhocit.com/wp-content/uploads/2025/04/3ds-max-2020-13.jpg]
[namhocit.com/wp-content/uploads/2025/04/3ds-max-2020-14.jpg]
[namhocit.com/wp-content/uploads/2025/04/3ds-max-2020-15.jpg]
[namhocit.com/wp-content/uploads/2025/04/3ds-max-2020-16.jpg]
[namhocit.com/wp-content/uploads/2025/04/3ds-max-2020-17.jpg]
[namhocit.com/wp-content/uploads/2025/04/3ds-max-2020-18.jpg]
[namhocit.com/wp-content/uploads/2025/04/3ds-max-2020-19.jpg]
[namhocit.com/wp-content/uploads/2025/04/3ds-max-2020-20.jpg]
[namhocit.com/wp-content/uploads/2025/04/3ds-max-2020-21.jpg]
[namhocit.com/wp-content/uploads/2025/04/3ds-max-2020-22.jpg]
[namhocit.com/wp-content/uploads/2025/04/3ds-max-2020-23.jpg]
[namhocit.com/wp-content/uploads/2025/04/3ds-max-2020-24.jpg]
[namhocit.com/wp-content/uploads/2025/04/3ds-max-2020-25.jpg]
[namhocit.com/wp-content/uploads/2025/04/3ds-max-2020-26.jpg]
[namhocit.com/wp-content/uploads/2025/04/3ds-max-2020-27.jpg]
[namhocit.com/wp-content/uploads/2025/04/3ds-max-2020-28.jpg]
[namhocit.com/3ds-max-2020/index.html]
[namhocit.com/tai-office-2010/feed/index.html]
[namhocit.com/wp-json/wp/v2/posts/704.json]
[namhocit.com/wp-json/oembed/1.0/embed3a09.json]
[namhocit.com/wp-json/oembed/1.0/embed11f4]
[namhocit.com/wp-content/uploads/2022/07/cai-dat-office-2010.jpg]
[namhocit.com/wp-content/uploads/2022/07/cai-dat-office-2010-full.jpg]
[namhocit.com/wp-content/uploads/2022/07/cai-dat-office-2010-full-64bit.jpg]
[namhocit.com/wp-content/uploads/2022/07/cai-dat-office-2010-full-vinh-vien.jpg]
[namhocit.com/wp-content/uploads/2022/07/cai-dat-office-2010-full-mien-phi.jpg]
[namhocit.com/wp-content/uploads/2022/07/cai-dat-office-2010-full-thanh-cong.jpg]
[namhocit.com/wp-content/uploads/2022/07/crack-office-2010-bang-cmd.jpg]
[namhocit.com/wp-content/uploads/2022/07/crack-office-2010-full-vinh-vien-bang-cmd.jpg]
[namhocit.com/wp-content/uploads/2022/07/crack-office-2010-full-64bit-bang-cmd.jpg]
[namhocit.com/wp-content/uploads/2022/07/crack-office-2010-full-bang-cmd.jpg]
[namhocit.com/wp-content/uploads/2022/07/crack-office-2010-full-bang-cmd-thanh-cong-1.jpg]
[namhocit.com/wp-content/uploads/2022/07/crack-office-2010-full-bang-kmspico.jpg]
[namhocit.com/wp-content/uploads/2022/07/crack-office-2010-bang-kmspico.jpg]
[namhocit.com/wp-content/uploads/2022/07/crack-office-2010-full-64bit-bang-kmspico.jpg]
[namhocit.com/wp-content/uploads/2022/07/crack-office-2010-full-vinh-vien-bang-kmspico.jpg]
[namhocit.com/wp-content/uploads/2022/07/crack-office-2010-full-mien-phi-bang-kmspico.jpg]
[namhocit.com/wp-content/uploads/2022/07/crack-office-2010-full-64bit-mien-phi-bang-kmspico.jpg]
[namhocit.com/wp-content/uploads/2022/07/crack-office-2010-full-bang-kmspico-thanh-cong.jpg]
[namhocit.com/wp-content/uploads/2022/07/crack-office-2010-bang-toolkit.jpg]
[namhocit.com/wp-content/uploads/2022/07/crack-office-2010-full-bang-toolkit.jpg]
[namhocit.com/wp-content/uploads/2022/07/crack-office-2010-full-vinh-vien-bang-toolkit.jpg]
[namhocit.com/wp-content/uploads/2022/07/crack-office-2010-full-vinh-vien-bang-toolkit-thanh-cong.jpg]
[namhocit.com/wp-content/uploads/2022/07/crack-office-2010-bang-kms-activator.jpg]
[namhocit.com/wp-content/uploads/2022/07/crack-office-2010-bang-kms-activator-thanh-cong.jpg]
[namhocit.com/wp-content/uploads/2022/07/crack-office-2010-full-64bit-bang-kms-activator-thanh-cong.jpg]
[namhocit.com/wp-content/uploads/2022/07/crack-office-2010-full-bang-kms-activator-thanh-cong.jpg]
[namhocit.com/wp-content/uploads/2022/07/crack-office-2010-full-bang-cmd-thanh-cong.jpg]
[namhocit.com/wp-content/uploads/2022/09/crack-office-20210-bang-toolkit-1-300x168.jpg]
[namhocit.com/tai-office-2010/index.html]
[namhocit.com/office-2019/feed/index.html]
[namhocit.com/wp-json/wp/v2/posts/812.json]
[namhocit.com/wp-json/oembed/1.0/embed854f.json]
[namhocit.com/wp-json/oembed/1.0/embed6e23]
[namhocit.com/wp-content/uploads/2022/08/office-2019-full.jpg]
[namhocit.com/wp-content/uploads/2022/08/huong-dan-cai-dat-office-2019.jpg]
[namhocit.com/wp-content/uploads/2022/08/huong-dan-cai-dat-office-2019-full.jpg]
[namhocit.com/tai-office-2016/index.html]
[namhocit.com/wp-content/uploads/2022/08/huong-dan-cai-dat-office-2019-full-vinh-vien.jpg]
[namhocit.com/wp-content/uploads/2022/08/huong-dan-cai-dat-office-2019-full-thanh-cong.jpg]
[namhocit.com/wp-content/uploads/2022/08/cach-crack-office-2019-bang-aio-tools.jpg]
[namhocit.com/wp-content/uploads/2022/08/cach-crack-office-2019-full-bang-aio-tools.jpg]
[namhocit.com/wp-content/uploads/2022/08/cach-crack-office-2019-full-vinh-vien-bang-aio-tools.jpg]
[namhocit.com/wp-content/uploads/2022/08/cach-crack-office-2019-full-mien-phi-bang-aio-tools.jpg]
[namhocit.com/wp-content/uploads/2022/08/cach-crack-office-2019-full-bang-aio-tools-buoc-6.jpg]
[namhocit.com/wp-content/uploads/2022/08/cach-crack-office-2019-full-bang-aio-tools-buoc-7.jpg]
[namhocit.com/wp-content/uploads/2022/08/cach-crack-office-2019-full-bang-aio-tools-buoc-8.jpg]
[namhocit.com/wp-content/uploads/2022/08/cach-crack-office-2019-full-bang-aio-tools-buoc-9.jpg]
[namhocit.com/wp-content/uploads/2022/08/cach-crack-office-2019-full-bang-aio-tools-buoc-10.jpg]
[namhocit.com/wp-content/uploads/2022/08/cach-crack-office-2019-full-bang-aio-tools-buoc-11.jpg]
[namhocit.com/wp-content/uploads/2022/08/cach-crack-office-2019-full-bang-aio-tools-buoc-12.jpg]
[namhocit.com/wp-content/uploads/2022/08/cach-crack-office-2019-full-bang-aio-tools-buoc-13.jpg]
[namhocit.com/wp-content/uploads/2022/08/cach-crack-office-2019-full-bang-aio-tools-buoc-14.jpg]
[namhocit.com/wp-content/uploads/2022/08/cach-crack-office-2019-full-bang-cmd.jpg]
[namhocit.com/wp-content/uploads/2022/08/cach-crack-office-2019-full-vinh-vien-bang-cmd.jpg]
[namhocit.com/wp-content/uploads/2022/08/cach-crack-office-2019-bang-cmd.jpg]
[namhocit.com/wp-content/uploads/2022/08/cach-crack-office-2019-full-vinh-vien-bang-cmd-thanh-cong.jpg]
[namhocit.com/wp-content/uploads/2022/08/cach-crack-office-2019-bang-kms-tools.jpg]
[namhocit.com/wp-content/uploads/2022/08/cach-crack-office-2019-full-bang-kms-tools.jpg]
[namhocit.com/wp-content/uploads/2022/08/cach-crack-office-2019-full-vinh-vien-bang-kms-tools.jpg]
[namhocit.com/wp-content/uploads/2022/08/cach-crack-office-2019-full-bang-kms-tools-thanh-cong.jpg]
[namhocit.com/wp-content/uploads/2022/08/cach-crack-office-2019-bang-kmspico.jpg]
[namhocit.com/wp-content/uploads/2022/08/cach-crack-office-2019-full-bang-kmspico.jpg]
[namhocit.com/wp-content/uploads/2022/08/cach-crack-office-2019-full-vinh-vien-bang-kmspico.jpg]
[namhocit.com/wp-content/uploads/2022/08/cach-crack-office-2019-full-bang-kmspico-mien-phi.jpg]
[namhocit.com/wp-content/uploads/2022/08/cach-crack-office-2019-full-bang-kmspico-don-gian.jpg]
[namhocit.com/wp-content/uploads/2022/08/cach-crack-office-2019-full-bang-kmspico-thanh-cong.jpg]
[namhocit.com/office-2019/index.html]
[namhocit.com/microsoft-office-365/feed/index.html]
[namhocit.com/wp-json/wp/v2/posts/1208.json]
[namhocit.com/autocad-2020/index.html]
[namhocit.com/wp-json/oembed/1.0/embed83d0.json]
[namhocit.com/wp-json/oembed/1.0/embedd1b1]
[namhocit.com/wp-content/uploads/2022/08/office-365-full.jpg]
[namhocit.com/wp-content/uploads/2022/08/huong-dan-cai-dat-office-365.jpg]
[namhocit.com/wp-content/uploads/2022/08/huong-dan-cai-dat-office-365-full.jpg]
[namhocit.com/wp-content/uploads/2022/08/huong-dan-cai-dat-office-365-full-64bit.jpg]
[namhocit.com/wp-content/uploads/2022/08/cach-crack-office-365-bang-aio-tools.jpg]
[namhocit.com/wp-content/uploads/2022/08/cach-crack-office-365-bang-aio-tools-buoc-3.jpg]
[namhocit.com/wp-content/uploads/2022/08/cach-crack-office-365-bang-aio-tools-buoc-4.jpg]
[namhocit.com/wp-content/uploads/2022/08/cach-crack-office-365-bang-aio-tools-buoc-5.jpg]
[namhocit.com/wp-content/uploads/2022/08/cach-crack-office-365-bang-aio-tools-buoc-6.jpg]
[namhocit.com/wp-content/uploads/2022/08/cach-crack-office-365-bang-aio-tools-buoc-7.jpg]
[namhocit.com/wp-content/uploads/2022/08/cach-crack-office-365-bang-aio-tools-buoc-8.jpg]
[namhocit.com/wp-content/uploads/2022/08/cach-crack-office-365-bang-aio-tools-buoc-9.jpg]
[namhocit.com/wp-content/uploads/2022/08/cach-crack-office-365-bang-aio-tools-buoc-10.jpg]
[namhocit.com/wp-content/uploads/2022/08/cach-crack-office-365-bang-aio-tools-buoc-11.jpg]
[namhocit.com/wp-content/uploads/2022/08/cach-crack-office-365-bang-cmd.jpg]
[namhocit.com/wp-content/uploads/2022/08/cach-crack-office-365-bang-cmd-buoc-2.jpg]
[namhocit.com/wp-content/uploads/2022/08/cach-crack-office-365-bang-cmd-buoc-3.jpg]
[namhocit.com/wp-content/uploads/2022/08/cach-crack-office-365-bang-cmd-buoc-4.jpg]
[namhocit.com/wp-content/uploads/2022/08/cach-crack-office-365-bang-cmd-buoc-6.jpg]
[namhocit.com/wp-content/uploads/2022/08/cach-crack-office-365-bang-kms.jpg]
[namhocit.com/wp-content/uploads/2022/08/cach-crack-office-365-bang-kms-buoc-2.jpg]
[namhocit.com/wp-content/uploads/2022/08/cach-crack-office-365-bang-kms-buoc-3.jpg]
[namhocit.com/microsoft-office-365/index.html]
[namhocit.com/cdn-cgi/scripts/5c5dd728/cloudflare-static/email-decode.min.js]
[namhocit.com/wp-json/wp/v2/posts/1429.json]
[namhocit.com/download-corel-x7/index.html]
[namhocit.com/autocad-2018/index.html]
[namhocit.com/wp-json/oembed/1.0/embedcde4.json]
[namhocit.com/office-2021/feed/index.html]
[namhocit.com/wp-json/oembed/1.0/embede2aa]
[bandishare.io/wp-content/uploads/2021/12/tai-ngay.png]
[namhocit.com/wp-content/uploads/2022/09/office-2021-2.jpg]
[namhocit.com/wp-content/uploads/2022/09/office-2021-3.jpg]
[namhocit.com/wp-content/uploads/2022/09/office-2021-4.jpg]
[namhocit.com/wp-content/uploads/2022/09/office-2021-5.jpg]
[namhocit.com/wp-content/uploads/2022/09/office-2021-6.jpg]
[namhocit.com/wp-content/uploads/2022/09/office-2021-7.jpg]
[namhocit.com/wp-content/uploads/2022/09/office-2021-8.jpg]
[namhocit.com/wp-content/uploads/2022/09/office-2021-9.jpg]
[namhocit.com/wp-content/uploads/2022/09/office-2021-13.jpg]
[namhocit.com/wp-content/uploads/2022/09/office-2021-10.jpg]
[namhocit.com/wp-content/uploads/2022/09/office-2021-11.jpg]
[namhocit.com/wp-content/uploads/2022/09/office-2021-12.jpg]
[namhocit.com/office-2021/index.html]
[namhocit.com/wp-json/wp/v2/posts/2940.json]
[namhocit.com/office-2024/feed/index.html]
[namhocit.com/wp-json/oembed/1.0/embed82e5.json]
[namhocit.com/wp-json/oembed/1.0/embed37c8]
[namhocit.com/wp-content/uploads/2025/03/office-2024-1.jpg]
[namhocit.com/wp-content/uploads/2025/03/office-2024-2.jpg]
[namhocit.com/wp-content/uploads/2025/03/office-2024-3.jpg]
[namhocit.com/wp-content/uploads/2025/03/office-2024-4.jpg]
[namhocit.com/wp-content/uploads/2025/03/office-2024-5.jpg]
[namhocit.com/wp-content/uploads/2025/03/office-2024-6.jpg]
[namhocit.com/wp-content/uploads/2025/03/office-2024-7jpg.jpg]
[namhocit.com/wp-content/uploads/2025/03/office-2024-8.jpg]
[namhocit.com/office-2024/index.html]
[namhocit.com/wp-json/wp/v2/posts/1397.json]
[namhocit.com/filmora-14/index.html]
[namhocit.com/autocad-2025/index.html]
[namhocit.com/key-office-2010/feed/index.html]
[namhocit.com/wp-json/oembed/1.0/embedd139.json]
[namhocit.com/wp-json/oembed/1.0/embedd513]
[namhocit.com/wp-content/uploads/2022/09/key-office-2010-2.jpg]
[namhocit.com/wp-content/uploads/2022/09/key-office-2010-3.jpg]
[namhocit.com/wp-content/uploads/2022/09/key-office-2010-4.jpg]
[namhocit.com/key-office-2010/index.html]
[namhocit.com/wp-json/wp/v2/posts/1404.json]
[namhocit.com/key-office-2016/feed/index.html]
[namhocit.com/dlc-boot-2022/index.html]
[namhocit.com/wp-json/oembed/1.0/embedd069.json]
[namhocit.com/wp-json/oembed/1.0/embed2605]
[namhocit.com/wp-content/uploads/2022/09/key-office-2016-2.jpg]
[namhocit.com/wp-content/uploads/2022/09/key-office-2016-3.jpg]
[namhocit.com/wp-content/uploads/2022/09/key-office-2016-4.jpg]
[namhocit.com/wp-content/uploads/2022/09/key-office-2016-5.jpg]
[namhocit.com/wp-content/uploads/2022/09/key-office-2016-6.jpg]
[namhocit.com/wp-content/uploads/2022/09/key-office-2016-7.jpg]
[namhocit.com/key-office-2016/index.html]
[namhocit.com/wp-content/uploads/2022/09/key-office-2016-8.jpg]
[namhocit.com/wp-json/wp/v2/posts/1387.json]
[namhocit.com/key-office-2019/index.html]
[namhocit.com/key-office-2013/feed/index.html]
[namhocit.com/wp-json/oembed/1.0/embed4922.json]
[namhocit.com/wp-json/oembed/1.0/embed9c59]
[namhocit.com/wp-content/uploads/2022/09/key-office-2013-2.jpg]
[namhocit.com/wp-content/uploads/2022/09/key-office-2013-3.jpg]
[namhocit.com/wp-content/uploads/2022/09/key-office-2013-4.jpg]
[namhocit.com/wp-content/uploads/2022/09/key-office-2013-5.jpg]
[namhocit.com/wp-content/uploads/2022/09/key-office-2013-6.jpg]
[namhocit.com/key-office-2013/index.html]
[namhocit.com/wp-json/wp/v2/posts/1697.json]
[namhocit.com/tai-sound-booster/feed/index.html]
[namhocit.com/wp-json/oembed/1.0/embed3106.json]
[namhocit.com/wp-json/oembed/1.0/embedf7b2]
[namhocit.com/wp-content/uploads/2022/09/sound-booster.jpg]
[namhocit.com/wp-content/uploads/2022/09/sound-booster-full.jpg]
[namhocit.com/wp-content/uploads/2022/09/sound-booster-full-mien-phi.jpg]
[bandishare.io/wp-content/uploads/2021/09/Google-drive.png]
[namhocit.com/wp-content/uploads/2022/09/cai-dat-sound-booster.jpg]
[namhocit.com/wp-content/uploads/2022/09/cai-dat-sound-booster-1.jpg]
[namhocit.com/wp-content/uploads/2022/09/cai-dat-sound-booster-2.jpg]
[namhocit.com/wp-content/uploads/2022/09/cai-dat-sound-booster-3.jpg]
[namhocit.com/wp-content/uploads/2022/09/cai-dat-sound-booster-4.jpg]
[namhocit.com/wp-content/uploads/2022/09/cai-dat-sound-booster-5.jpg]
[namhocit.com/wp-content/uploads/2022/09/cach-kich-hoat-sound-booster-1.jpg]
[namhocit.com/wp-content/uploads/2022/09/cach-kich-hoat-sound-booster-2.jpg]
[namhocit.com/wp-content/uploads/2022/09/cach-kich-hoat-sound-booster-3.jpg]
[namhocit.com/tai-sound-booster/index.html]
[namhocit.com/tai-kmsauto/feed/index.html]
[namhocit.com/adobe-premiere-pro-cc-2021/index.html]
[namhocit.com/wp-json/wp/v2/posts/1643.json]
[namhocit.com/wp-json/oembed/1.0/embedcf24.json]
[namhocit.com/wp-json/oembed/1.0/embed42c4]
[namhocit.com/wp-content/uploads/2022/09/kmsauto-full-crack.jpg]
[namhocit.com/wp-content/uploads/2022/09/kmsauto-2022.jpg]
[namhocit.com/wp-content/uploads/2022/09/huong-dan-su-dung-kmsauto-kich-hoat-windows-buoc-2.jpg]
[namhocit.com/wp-content/uploads/2022/09/huong-dan-su-dung-kmsauto-kich-hoat-windows-buoc-3.jpg]
[namhocit.com/wp-content/uploads/2022/09/huong-dan-su-dung-kmsauto-kich-hoat-windows-buoc-4.jpg]
[namhocit.com/wp-content/uploads/2022/09/huong-dan-su-dung-kmsauto-kich-hoat-windows-buoc-5.jpg]
[namhocit.com/wp-content/uploads/2022/09/huong-dan-su-dung-kmsauto-kich-hoat-windows-buoc-6.jpg]
[namhocit.com/wp-content/uploads/2022/09/huong-dan-su-dung-kmsauto-kich-hoat-windows-buoc-7.jpg]
[namhocit.com/wp-content/uploads/2022/09/huong-dan-su-dung-kmsauto-kich-hoat-windows-buoc-8.jpg]
[namhocit.com/wp-content/uploads/2022/09/huong-dan-su-dung-kmsauto-kich-hoat-windows-buoc-9.jpg]
[namhocit.com/wp-content/uploads/2022/09/huong-dan-su-dung-kmsauto-kich-hoat-windows-buoc-10.jpg]
[namhocit.com/tai-kmsauto/index.html]
[namhocit.com/tai-photoshop-2025/feed/index.html]
[namhocit.com/foxit-phantom/index.html]
[namhocit.com/wp-json/wp/v2/posts/3408.json]
[namhocit.com/wp-json/oembed/1.0/embedb6b2.json]
[namhocit.com/wp-json/oembed/1.0/embedb71e]
[namhocit.com/wp-content/uploads/2025/04/photoshop-2025-1.jpg]
[namhocit.com/wp-content/uploads/2025/04/photoshop-2025-2.jpg]
[namhocit.com/wp-content/uploads/2025/04/photoshop-2025-3.jpg]
[namhocit.com/wp-content/uploads/2025/04/photoshop-2025-4.jpg]
[namhocit.com/wp-content/uploads/2025/04/photoshop-2025-5.jpg]
[namhocit.com/wp-content/uploads/2025/04/photoshop-2025-6.jpg]
[namhocit.com/wp-content/uploads/2025/04/photoshop-2025-7.jpg]
[namhocit.com/wp-content/uploads/2025/04/photoshop-2025-8.jpg]
[namhocit.com/wp-content/uploads/2025/04/photoshop-2025-9.jpg]
[namhocit.com/wp-content/uploads/2025/04/photoshop-2025-10.jpg]
[namhocit.com/wp-content/uploads/2025/04/photoshop-2025-11.jpg]
[namhocit.com/wp-content/uploads/2025/04/photoshop-2025-12.jpg]
[namhocit.com/wp-content/uploads/2025/04/photoshop-2025-13.jpg]
[namhocit.com/wp-content/uploads/2025/04/photoshop-2025-14.jpg]
[namhocit.com/tai-photoshop-2025/index.html]
[namhocit.com/wp-json/wp/v2/posts/3376.json]
[namhocit.com/photoshop-2024/feed/index.html]
[namhocit.com/wp-json/oembed/1.0/embedcb68.json]
[namhocit.com/wp-json/oembed/1.0/embed588b]
[namhocit.com/wp-content/uploads/2025/04/photoshop-2024-16.jpg]
[namhocit.com/wp-content/uploads/2025/04/photoshop-2024-17.jpg]
[namhocit.com/wp-content/uploads/2025/04/photoshop-2024-18.jpg]
[namhocit.com/wp-content/uploads/2025/04/photoshop-2024-19.jpg]
[namhocit.com/wp-content/uploads/2025/04/photoshop-2024-20.jpg]
[namhocit.com/wp-content/uploads/2025/04/photoshop-2024-1.jpg]
[namhocit.com/wp-content/uploads/2025/04/photoshop-2024-2.jpg]
[namhocit.com/wp-content/uploads/2025/04/photoshop-2024-3.jpg]
[namhocit.com/wp-content/uploads/2025/04/photoshop-2024-4.jpg]
[namhocit.com/wp-content/uploads/2025/04/photoshop-2024-5.jpg]
[namhocit.com/wp-content/uploads/2025/04/photoshop-2024-6.jpg]
[namhocit.com/wp-content/uploads/2025/04/photoshop-2024-7.jpg]
[namhocit.com/wp-content/uploads/2025/04/photoshop-2024-9.jpg]
[namhocit.com/wp-content/uploads/2025/04/photoshop-2024-10.jpg]
[namhocit.com/wp-content/uploads/2025/04/photoshop-2024-11.jpg]
[namhocit.com/wp-content/uploads/2025/04/photoshop-2024-12.jpg]
[namhocit.com/wp-content/uploads/2025/04/photoshop-2024-13.jpg]
[namhocit.com/wp-content/uploads/2025/04/photoshop-2024-14.jpg]
[namhocit.com/photoshop-2024/index.html]
[namhocit.com/autocad-2021/feed/index.html]
[namhocit.com/wp-json/wp/v2/posts/406.json]
[namhocit.com/wp-json/oembed/1.0/embeda2b0.json]
[namhocit.com/wp-json/oembed/1.0/embed9e99]
[namhocit.com/autocad-2022/index.html]
[namhocit.com/autocad-2023/index.html]
[namhocit.com/wp-content/uploads/2022/06/cach-cai-dat-autocad-2021.jpg]
[namhocit.com/wp-content/uploads/2022/06/cach-cai-dat-autocad-2021-full.jpg]
[namhocit.com/wp-content/uploads/2022/06/cach-cai-dat-autocad-2021-full-crack.jpg]
[namhocit.com/wp-content/uploads/2022/06/cach-cai-dat-autocad-2021-full-crack-vinh-vien.jpg]
[namhocit.com/wp-content/uploads/2022/06/cach-cai-dat-autocad-2021-full-vinh-vien.jpg]
[namhocit.com/wp-content/uploads/2022/06/cach-cai-dat-autocad-2021-full-mien-phi.jpg]
[namhocit.com/wp-content/uploads/2022/06/cach-cai-dat-autocad-2021-buoc-7.jpg]
[namhocit.com/wp-content/uploads/2022/06/cach-cai-dat-autocad-2021-buoc-8.jpg]
[namhocit.com/wp-content/uploads/2022/06/cach-cai-dat-autocad-2021-buoc-9.jpg]
[namhocit.com/wp-content/uploads/2022/06/cach-cai-dat-autocad-2021-buoc-10.jpg]
[namhocit.com/wp-content/uploads/2022/06/cach-cai-dat-autocad-2021-buoc-11.jpg]
[namhocit.com/wp-content/uploads/2022/06/cach-cai-dat-autocad-2021-buoc-12.jpg]
[namhocit.com/wp-content/uploads/2022/06/cach-cai-dat-autocad-2021-buoc-13.jpg]
[namhocit.com/wp-content/uploads/2022/06/cach-cai-dat-autocad-2021-buoc-14.jpg]
[namhocit.com/autocad-2021/index.html]
[namhocit.com/wp-content/uploads/2025/03/autocad-2024-full-crack-vinh-vien.jpg]
[namhocit.com/wp-content/uploads/2022/09/foxit-phantom-full.jpg]
[namhocit.com/mathtype/index.html]
[namhocit.com/wp-content/uploads/2022/09/mathtype-7-4.jpg]
[namhocit.com/autocad-2024/index.html]
[namhocit.com/wp-content/uploads/2022/08/spss-20-full-crack.jpg]
[namhocit.com/wp-content/uploads/2022/08/idm-full-toolkit-4-7.jpg]
[namhocit.com/wp-content/uploads/2022/08/driver-easy-full-crack.jpg]
[namhocit.com/spss-20/index.html]
[namhocit.com/idm-toolkit/index.html]
[namhocit.com/wp-content/uploads/2022/08/proshow-producer-9-full-crack.jpg]
[namhocit.com/category/phan-mem-may-tinh/page/2/index.html]
[namhocit.com/driver-easy/index.html]
[namhocit.com/tai-proshow-producer/index.html]
[namhocit.com/wp-json/wp/v2/posts/1633.json]
[namhocit.com/chew-wga/feed/index.html]
[namhocit.com/wp-json/oembed/1.0/embedab50.json]
[namhocit.com/wp-json/oembed/1.0/embedce51]
[namhocit.com/wp-content/uploads/2022/09/cai-dat-chew-wga.jpg]
[namhocit.com/wp-content/uploads/2022/09/cai-dat-chew-wga-v0-9.jpg]
[namhocit.com/wp-content/uploads/2022/09/cai-dat-chew-wga-v0-9-kich-hoat-windows-7.jpg]
[namhocit.com/wp-content/uploads/2022/09/cai-dat-chew-wga-v0-9-kich-hoat-win-7.jpg]
[namhocit.com/wp-content/uploads/2022/09/cai-dat-chew-wga-v0-9-kich-hoat-win-7-6.jpg]
[namhocit.com/wp-content/uploads/2022/09/cai-dat-chew-wga-v0-9-kich-hoat-windows-8.jpg]
[namhocit.com/chew-wga/index.html]
[namhocit.com/wp-json/wp/v2/posts/874.json]
[namhocit.com/bandicam/feed/index.html]
[namhocit.com/wondershare-filmora-13/index.html]
[namhocit.com/wp-json/oembed/1.0/embed58b5.json]
[namhocit.com/wp-json/oembed/1.0/embed056c]
[namhocit.com/wp-content/uploads/2022/08/badicam-full-vinh-vien.jpg]
[namhocit.com/wp-content/uploads/2022/08/badicam-full.jpg]
[namhocit.com/wp-content/uploads/2022/08/badicam.jpg]
[namhocit.com/wp-content/uploads/2022/08/cai-dat-badicam.jpg]
[namhocit.com/wp-content/uploads/2022/08/cai-dat-badicam-full.jpg]
[namhocit.com/wp-content/uploads/2022/08/cai-dat-badicam-full-mien-phi.jpg]
[namhocit.com/wp-content/uploads/2022/08/cai-dat-badicam-full-vinh-vien.jpg]
[namhocit.com/wp-content/uploads/2022/08/cai-dat-badicam-full-64bit.jpg]
[namhocit.com/wp-content/uploads/2022/08/cai-dat-badicam-full-buoc-7.jpg]
[namhocit.com/wp-content/uploads/2022/08/cai-dat-badicam-full-buoc-8.jpg]
[namhocit.com/wp-content/uploads/2022/08/cai-dat-badicam-full-buoc-9.jpg]
[namhocit.com/wp-content/uploads/2022/08/cai-dat-badicam-full-buoc-10.jpg]
[namhocit.com/wp-content/uploads/2022/08/cai-dat-badicam-full-buoc-11.jpg]
[namhocit.com/wp-content/uploads/2022/08/cai-dat-badicam-full-buoc-12.jpg]
[namhocit.com/wp-content/uploads/2022/08/cai-dat-badicam-full-buoc-13.jpg]
[namhocit.com/bandicam/index.html]
[namhocit.com/autocad-2015/index.html]
[namhocit.com/tai-winrar/feed/index.html]
[namhocit.com/wp-json/wp/v2/posts/996.json]
[namhocit.com/wp-json/oembed/1.0/embed5e70.json]
[namhocit.com/wp-json/oembed/1.0/embed969b]
[namhocit.com/wp-content/uploads/2022/08/winrar-full.jpg]
[namhocit.com/wp-content/uploads/2022/08/huong-dan-cai-dat-winrar-64bit.jpg]
[namhocit.com/wp-content/uploads/2022/08/huong-dan-cai-dat-winrar.jpg]
[namhocit.com/wp-content/uploads/2022/08/huong-dan-cai-dat-winrar-full.jpg]
[namhocit.com/wp-content/uploads/2022/08/huong-dan-cai-dat-winrar-full-crack.jpg]
[namhocit.com/wp-content/uploads/2022/08/huong-dan-cai-dat-winrar-full-vinh-vien.jpg]
[namhocit.com/wp-content/uploads/2022/08/huong-dan-cai-dat-winrar-full-buoc-6.jpg]
[namhocit.com/wp-content/uploads/2022/08/huong-dan-cai-dat-winrar-full-buoc-7.jpg]
[namhocit.com/wp-content/uploads/2022/08/huong-dan-cai-dat-winrar-full-buoc-8.jpg]
[namhocit.com/wp-content/uploads/2022/08/huong-dan-cai-dat-winrar-full-buoc-9.jpg]
[namhocit.com/wp-content/uploads/2022/08/huong-dan-su-dung-winrar.jpg]
[namhocit.com/wp-content/uploads/2022/08/huong-dan-su-dung-winrar-full-64bit.jpg]
[namhocit.com/wp-content/uploads/2022/08/huong-dan-su-dung-winrar-full.jpg]
[namhocit.com/wp-content/uploads/2022/08/huong-dan-giai-ne-bang-winrar.jpg]
[namhocit.com/wp-content/uploads/2022/08/huong-dan-giai-ne-bang-winrar-full.jpg]
[namhocit.com/wp-content/uploads/2022/08/cach-khac-phuc-loi-khi-dung-winrar.jpg]
[namhocit.com/wp-content/uploads/2022/08/cach-khac-phuc-loi-khi-dung-winrar-2.jpg]
[namhocit.com/wp-content/uploads/2022/08/cach-khac-phuc-loi-khi-dung-winrar-3.jpg]
[namhocit.com/wp-content/uploads/2022/08/cach-khac-phuc-loi-khi-dung-winrar-4.jpg]
[namhocit.com/tai-winrar/index.html]
[namhocit.com/wp-json/wp/v2/posts/1889.json]
[namhocit.com/onekey-ghost/feed/index.html]
[namhocit.com/wp-json/oembed/1.0/embedf9e2.json]
[namhocit.com/wp-json/oembed/1.0/embed7f55]
[namhocit.com/wp-content/uploads/2022/10/onekey-ghost.jpg]
[namhocit.com/wp-content/uploads/2022/10/cach-onekey-ghost-win-11-5.jpg]
[namhocit.com/wp-content/uploads/2022/10/cach-onekey-ghost-win-11-4.jpg]
[namhocit.com/wp-content/uploads/2022/10/cach-onekey-ghost-win-11-3.jpg]
[namhocit.com/wp-content/uploads/2022/10/cach-onekey-ghost-win-11-2.jpg]
[namhocit.com/wp-content/uploads/2022/10/cach-onekey-ghost-win-11-1.jpg]
[namhocit.com/onekey-ghost/index.html]
[namhocit.com/wp-json/wp/v2/posts/1122.json]
[namhocit.com/filmora-12/index.html]
[namhocit.com/tai-spss-26/feed/index.html]
[namhocit.com/wp-json/oembed/1.0/embedae9e.json]
[namhocit.com/wp-json/oembed/1.0/embedcec3]
[namhocit.com/wp-content/uploads/2022/08/spss-26-full.jpg]
[namhocit.com/wp-content/uploads/2022/08/cai-dat-spss-26.jpg]
[namhocit.com/wp-content/uploads/2022/08/cai-dat-spss-26-full.jpg]
[namhocit.com/wp-content/uploads/2022/08/cai-dat-spss-26-full-crack.jpg]
[namhocit.com/wp-content/uploads/2022/08/cai-dat-spss-26-full-vinh-vien.jpg]
[namhocit.com/wp-content/uploads/2022/08/cai-dat-spss-26-full-buoc-6jpg.jpg]
[namhocit.com/wp-content/uploads/2022/08/cai-dat-spss-26-full-buoc-7.jpg]
[namhocit.com/wp-content/uploads/2022/08/cai-dat-spss-26-full-buoc-8.jpg]
[namhocit.com/wp-content/uploads/2022/08/cai-dat-spss-26-full-buoc-9.jpg]
[namhocit.com/wp-content/uploads/2022/08/cai-dat-spss-26-full-buoc-10.jpg]
[namhocit.com/wp-content/uploads/2022/08/cai-dat-spss-26-full-buoc-11.jpg]
[namhocit.com/wp-content/uploads/2022/08/cai-dat-spss-26-full-buoc-12.jpg]
[namhocit.com/wp-content/uploads/2022/08/cai-dat-spss-26-full-buoc-13.jpg]
[namhocit.com/wp-content/uploads/2022/08/cai-dat-spss-26-full-buoc-14.jpg]
[namhocit.com/tai-spss-26/index.html]
[namhocit.com/microsoft-toolkit/feed/index.html]
[namhocit.com/wp-json/wp/v2/posts/1851.json]
[namhocit.com/wp-json/oembed/1.0/embed99df.json]
[namhocit.com/wp-json/oembed/1.0/embedd496]
[namhocit.com/wp-content/uploads/2022/10/microsoft-toolkit-full-2022.jpg]
[namhocit.com/wp-content/uploads/2022/10/cach-cai-dat-microsoft-toolkit-4.jpg]
[namhocit.com/wp-content/uploads/2022/10/cach-cai-dat-microsoft-toolkit-1.jpg]
[namhocit.com/wp-content/uploads/2022/10/cach-cai-dat-microsoft-toolkit-2.jpg]
[namhocit.com/wp-content/uploads/2022/10/cach-cai-dat-microsoft-toolkit-3.jpg]
[namhocit.com/wp-content/uploads/2022/10/cach-cai-dat-microsoft-toolkit-5.jpg]
[namhocit.com/wp-content/uploads/2022/10/cach-cai-dat-microsoft-toolkit-6.jpg]
[namhocit.com/microsoft-toolkit/index.html]
[namhocit.com/tai-foxit-reader/feed/index.html]
[namhocit.com/wp-json/wp/v2/posts/1061.json]
[namhocit.com/wp-json/oembed/1.0/embed41c4.json]
[namhocit.com/wp-json/oembed/1.0/embed7800]
[namhocit.com/wp-content/uploads/2022/08/huong-dan-cai-dat-foxit-reader-full-crack-thanh-cong.jpg]
[namhocit.com/wp-content/uploads/2022/08/huong-dan-cai-dat-foxit-reader.jpg]
[namhocit.com/wp-content/uploads/2022/08/huong-dan-cai-dat-foxit-reader-full.jpg]
[namhocit.com/wp-content/uploads/2022/08/huong-dan-cai-dat-foxit-reader-full-crack.jpg]
[namhocit.com/wp-content/uploads/2022/08/huong-dan-cai-dat-foxit-reader-full-mien-phi.jpg]
[namhocit.com/wp-content/uploads/2022/08/huong-dan-cai-dat-foxit-reader-full-vinh-vien.jpg]
[namhocit.com/wp-content/uploads/2022/08/huong-dan-cai-dat-foxit-reader-full-crack-vinh-vien.jpg]
[namhocit.com/tai-foxit-reader/index.html]
[namhocit.com/wp-json/wp/v2/posts/903.json]
[namhocit.com/ccleaner-pro/feed/index.html]
[namhocit.com/wp-json/oembed/1.0/embedead1.json]
[namhocit.com/wp-json/oembed/1.0/embed48a6]
[namhocit.com/wp-content/uploads/2022/08/cach-cai-dat-ccleaner.jpg]
[namhocit.com/wp-content/uploads/2022/08/cach-cai-dat-ccleaner-pro.jpg]
[namhocit.com/wp-content/uploads/2022/08/cach-cai-dat-ccleaner-pro-full.jpg]
[namhocit.com/wp-content/uploads/2022/08/cach-cai-dat-ccleaner-pro-full-2022.jpg]
[namhocit.com/wp-content/uploads/2022/08/cach-cai-dat-ccleaner-pro-full-crack.jpg]
[namhocit.com/wp-content/uploads/2022/08/cach-cai-dat-ccleaner-pro-buoc-7.jpg]
[namhocit.com/wp-content/uploads/2022/08/cach-cai-dat-ccleaner-pro-buoc-8.jpg]
[namhocit.com/wp-content/uploads/2022/08/cach-cai-dat-ccleaner-pro-buoc-9.jpg]
[namhocit.com/wp-content/uploads/2022/08/cach-cai-dat-ccleaner-pro-buoc-10.jpg]
[namhocit.com/wp-content/uploads/2022/08/cach-cap-nhat-driver-bang-ccleaner.jpg]
[namhocit.com/wp-content/uploads/2022/08/cach-kiem-tra-tinh-trang-may-bang-ccleaner.jpg]
[namhocit.com/wp-content/uploads/2022/08/cach-kiem-tra-tinh-trang-may-bang-ccleane-2.jpg]
[namhocit.com/wp-content/uploads/2022/08/cach-don-dep-tuy-chinh-bang-ccleaner.jpg]
[namhocit.com/wp-content/uploads/2022/08/cach-cap-nhat-driver-bang-ccleaner-1.jpg]
[namhocit.com/wp-content/uploads/2022/08/cach-cap-nhat-driver-bang-ccleaner-2.jpg]
[namhocit.com/wp-content/uploads/2022/08/cach-registry-bang-ccleaner.jpg]
[namhocit.com/wp-content/uploads/2022/08/cach-registry-bang-ccleaner-2.jpg]
[namhocit.com/wp-content/uploads/2022/08/cach-registry-bang-ccleaner-3.jpg]
[namhocit.com/wp-content/uploads/2022/08/cach-registry-bang-ccleaner-4.jpg]
[namhocit.com/wp-content/uploads/2022/08/cach-cai-lich-trinh-tu-dong-tren-ccleaner.jpg]
[namhocit.com/ccleaner-pro/index.html]
[namhocit.com/wp-json/wp/v2/posts/294.json]
[namhocit.com/kmspico/feed/index.html]
[namhocit.com/wp-json/oembed/1.0/embed7b46.json]
[namhocit.com/wp-json/oembed/1.0/embedca4b]
[namhocit.com/wp-content/uploads/2022/06/kmspico-11-active-office-win.jpg]
[namhocit.com/wp-content/uploads/2022/06/kmspico-11-moi-nhat.jpg]
[namhocit.com/wp-content/uploads/2022/06/cach-cai-dat-kmspico.jpg]
[namhocit.com/wp-content/uploads/2022/06/cach-cai-dat-kmspico-11.jpg]
[namhocit.com/wp-content/uploads/2022/06/cach-cai-dat-kmspico-11-mien-phi.jpg]
[namhocit.com/wp-content/uploads/2022/06/cach-cai-dat-kmspico-11-cho-may-tinh.jpg]
[namhocit.com/wp-content/uploads/2022/06/cach-cai-dat-kmspico-11-don-gian.jpg]
[namhocit.com/wp-content/uploads/2022/06/cach-cai-dat-kmspico-2022.jpg]
[namhocit.com/wp-content/uploads/2022/06/cach-cai-dat-kmspico-buoc-8.jpg]
[namhocit.com/wp-content/uploads/2022/06/cach-cai-dat-kmspico-buoc-9.jpg]
[namhocit.com/wp-content/uploads/2022/06/cach-cai-dat-kmspico-buoc-10.jpg]
[namhocit.com/kmspico/index.html]
[namhocit.com/wp-content/uploads/2022/08/filmora-9-ful-crack.jpg]
[namhocit.com/wp-content/uploads/2022/08/driver-booster-9-pro-full-crack.jpg]
[namhocit.com/wondershare-filmora-9/index.html]
[namhocit.com/wp-content/uploads/2022/06/photoshop-cc-2021.jpg]
[namhocit.com/driver-booster/index.html]
[namhocit.com/photoshop-cc-2021/index.html]
[namhocit.com/wp-content/uploads/2022/06/photoshop-cc-2022.jpg]
[namhocit.com/wp-content/uploads/2022/06/photoshop-cc-2020.jpg]
[namhocit.com/photoshop-cc-2022/index.html]
[namhocit.com/wp-content/uploads/2022/06/photoshop-cs6-full-crack.jpg]
[namhocit.com/category/phan-mem-may-tinh/page/3/index.html]
[namhocit.com/photoshop-cc-2020/index.html]
[namhocit.com/photoshop-cs6/index.html]
[namhocit.com/wp-json/wp/v2/posts/1606.json]
[namhocit.com/win-7-iso/feed/index.html]
[namhocit.com/wp-json/oembed/1.0/embedbd98.json]
[namhocit.com/wp-json/oembed/1.0/embedc546]
[namhocit.com/wp-content/uploads/2022/09/tai-win-7-iso-buoc-2.jpg]
[namhocit.com/wp-content/uploads/2022/09/tai-win-7-iso-buoc-3.jpg]
[namhocit.com/wp-content/uploads/2022/09/tai-win-7-iso-buoc-4.jpg]
[namhocit.com/wp-content/uploads/2022/09/tai-win-7-iso-buoc-5.jpg]
[namhocit.com/wp-content/uploads/2022/09/tai-win-7-iso-buoc-6.jpg]
[namhocit.com/wp-content/uploads/2022/09/tai-win-7-iso-buoc-7.jpg]
[namhocit.com/wp-content/uploads/2022/06/kmspico-11-300x152.jpg]
[namhocit.com/wp-content/uploads/2025/03/windows-11-pro-300x144.jpg]
[namhocit.com/wp-content/uploads/2025/03/dlc-boot-2024-300x186.jpg]
[namhocit.com/autocad-2019/index.html]
[namhocit.com/wp-content/uploads/2022/09/windows-10-iso-moi-nhat-300x171.jpg]
[namhocit.com/wp-content/uploads/2022/06/aio-tool-3-1-3-300x127.jpg]
[namhocit.com/wp-content/uploads/2022/10/active-win-7-300x187.jpg]
[namhocit.com/wp-content/uploads/2022/09/ghost-win-10-300x168.jpg]
[namhocit.com/wp-content/uploads/2022/09/active-win-10-300x176.jpg]
[namhocit.com/win-7-iso/index.html]
[namhocit.com/wp-json/wp/v2/posts/3011.json]
[namhocit.com/windows-11-pro/feed/index.html]
[namhocit.com/wp-json/oembed/1.0/embedbe81.json]
[namhocit.com/wp-json/oembed/1.0/embedef04]
[namhocit.com/wp-content/uploads/2025/03/windows-11-pro-1.jpg]
[namhocit.com/wp-content/uploads/2025/03/tai-ngay.png]
[namhocit.com/wp-content/uploads/2025/03/windows-11-pro-2.jpg]
[namhocit.com/wp-content/uploads/2025/03/windows-11-pro-3.jpg]
[namhocit.com/wp-content/uploads/2025/03/windows-11-pro-4.jpg]
[namhocit.com/wp-content/uploads/2025/03/windows-11-pro-5.jpg]
[namhocit.com/wp-content/uploads/2025/03/windows-11-pro-6.jpg]
[namhocit.com/wp-content/uploads/2025/03/windows-11-pro-7.jpg]
[namhocit.com/wp-content/uploads/2025/03/windows-11-pro-8.jpg]
[namhocit.com/wp-content/uploads/2022/09/win-7-iso-300x187.jpg]
[namhocit.com/windows-11-pro/index.html]
[namhocit.com/wp-json/wp/v2/posts/2972.json]
[namhocit.com/dlc-boot-2024-iso/feed/index.html]
[namhocit.com/wp-json/oembed/1.0/embedb300.json]
[namhocit.com/wp-json/oembed/1.0/embedf30b]
[namhocit.com/wp-content/uploads/2025/03/dlc-boot-2024-10.jpg]
[namhocit.com/wp-content/uploads/2025/03/dlc-boot-2024-1.jpg]
[namhocit.com/wp-content/uploads/2025/03/dlc-boot-2024-2.jpg]
[namhocit.com/wp-content/uploads/2025/03/dlc-boot-2024-3.jpg]
[namhocit.com/wp-content/uploads/2025/03/dlc-boot-2024-4.jpg]
[namhocit.com/wp-content/uploads/2025/03/dlc-boot-2024-6.jpg]
[namhocit.com/wp-content/uploads/2025/03/dlc-boot-2024-7.jpg]
[namhocit.com/wp-content/uploads/2025/03/dlc-boot-2024-78.jpg]
[namhocit.com/wp-content/uploads/2025/03/dlc-boot-2024-9.jpg]
[namhocit.com/dlc-boot-2024-iso/index.html]
[namhocit.com/wp-json/wp/v2/posts/1658.json]
[namhocit.com/windows-10-iso/feed/index.html]
[namhocit.com/wp-json/oembed/1.0/embed5100.json]
[namhocit.com/wp-json/oembed/1.0/embedeee2]
[namhocit.com/wp-content/uploads/2022/09/windows-10-iso.jpg]
[namhocit.com/wp-content/uploads/2022/09/cach-tai-windows-10-iso-buoc-2.jpg]
[namhocit.com/wp-content/uploads/2022/09/cach-tai-windows-10-iso-buoc-3.jpg]
[namhocit.com/wp-content/uploads/2022/09/cach-tai-windows-10-iso-buoc-4.jpg]
[namhocit.com/wp-content/uploads/2022/09/cach-tai-windows-10-iso-buoc-5.jpg]
[namhocit.com/windows-10-iso/index.html]
[namhocit.com/wp-json/wp/v2/posts/322.json]
[namhocit.com/tai-aio-tools/feed/index.html]
[namhocit.com/photoshop-2019/index.html]
[namhocit.com/wp-json/oembed/1.0/embed91a1.json]
[namhocit.com/wp-json/oembed/1.0/embedefd5]
[namhocit.com/wp-content/uploads/2022/06/aio-tool-v3-1-3.jpg]
[namhocit.com/wp-content/uploads/2022/06/cach-dung-aio-tool.jpg]
[namhocit.com/wp-content/uploads/2022/06/cach-dung-aio-tool-active-ban-quyen.jpg]
[namhocit.com/wp-content/uploads/2022/06/cach-dung-aio-tool-v3-1-3.jpg]
[namhocit.com/wp-content/uploads/2022/06/cach-dung-aio-tool-2022.jpg]
[namhocit.com/wp-content/uploads/2022/06/cach-dung-aio-tool-2022-kich-hoat-ban-quyen.jpg]
[namhocit.com/wp-content/uploads/2022/06/cach-dung-aio-tool-2022-kich-hoat-office-win.jpg]
[namhocit.com/wp-content/uploads/2022/06/cach-dung-aio-tool-2022-don-gian.jpg]
[namhocit.com/wp-content/uploads/2022/06/cach-dung-aio-tool-buoc-9.jpg]
[namhocit.com/wp-content/uploads/2022/06/cach-dung-aio-tool-buoc-10.jpg]
[namhocit.com/wp-content/uploads/2022/06/cach-dung-aio-tool-buoc-11.jpg]
[namhocit.com/tai-aio-tools/index.html]
[namhocit.com/wp-json/wp/v2/posts/1872.json]
[namhocit.com/active-win-7/feed/index.html]
[namhocit.com/photoshop-2014/index.html]
[namhocit.com/auto-tune-pro/index.html]
[namhocit.com/wp-json/oembed/1.0/embed1318.json]
[namhocit.com/wp-json/oembed/1.0/embede307]
[namhocit.com/wp-content/uploads/2022/10/cach-active-win-7-bang-windows-loader-1.jpg]
[namhocit.com/wp-content/uploads/2022/10/cach-active-win-7-bang-windows-loader-2.jpg]
[namhocit.com/wp-content/uploads/2022/10/cach-active-win-7-bang-windows-loader-3.jpg]
[namhocit.com/wp-content/uploads/2022/10/cach-active-win-7-bang-windows-loader-4.jpg]
[namhocit.com/wp-content/uploads/2022/10/cach-active-win-7-bang-cmd-tu-dong-1.jpg]
[namhocit.com/wp-content/uploads/2022/10/cach-active-win-7-bang-cmd-tu-dong-2.jpg]
[namhocit.com/wp-content/uploads/2022/10/cach-active-win-7-bang-chew-wga-1.jpg]
[namhocit.com/wp-content/uploads/2022/10/cach-active-win-7-bang-chew-wga-2.jpg]
[namhocit.com/wp-content/uploads/2022/10/cach-active-win-7-bang-chew-wga-3.jpg]
[namhocit.com/wp-content/uploads/2022/10/cach-active-win-7-bang-chew-wga-4.jpg]
[namhocit.com/wp-content/uploads/2022/10/cach-active-win-7-bang-microsoft-toolkit.jpg]
[namhocit.com/wp-content/uploads/2022/10/cach-active-win-7-bang-key.jpg]
[namhocit.com/active-win-7/index.html]
[namhocit.com/tai-ghost-win-10/feed/index.html]
[namhocit.com/wp-json/wp/v2/posts/1694.json]
[namhocit.com/wp-json/oembed/1.0/embedd1b7.json]
[namhocit.com/sketchup-2019/index.html]
[namhocit.com/wp-json/oembed/1.0/embed9c6f]
[namhocit.com/wp-content/uploads/2022/09/ghost-win-10-mien-phi.jpg]
[namhocit.com/wp-content/uploads/2022/09/cach-ghost-win-10.jpg]
[namhocit.com/wp-content/uploads/2022/09/cach-ghost-win-10-64bit.jpg]
[namhocit.com/wp-content/uploads/2022/09/cach-ghost-win-10-64bit-2.jpg]
[namhocit.com/wp-content/uploads/2022/09/cach-ghost-win-10-64bit-3.jpg]
[namhocit.com/wp-content/uploads/2022/09/cach-ghost-win-10-64bit-4.jpg]
[namhocit.com/wp-content/uploads/2022/09/cach-ghost-win-10-64bit-5.jpg]
[namhocit.com/wp-content/uploads/2022/09/cach-ghost-win-10-64bit-6.jpg]
[namhocit.com/wp-content/uploads/2022/09/ghost-win-10-64bit-1.jpg]
[namhocit.com/wp-content/uploads/2022/09/ghost-win-10-64bit-2.jpg]
[namhocit.com/wp-content/uploads/2022/09/ghost-win-10-64bit-3.jpg]
[namhocit.com/tai-ghost-win-10/index.html]
[namhocit.com/wp-json/wp/v2/posts/1683.json]
[namhocit.com/active-win-10/feed/index.html]
[namhocit.com/wp-json/oembed/1.0/embed1264.json]
[namhocit.com/wp-json/oembed/1.0/embeda3e9]
[namhocit.com/wp-content/uploads/2022/09/active-win-10-cmd-tu-dong-1.jpg]
[namhocit.com/wp-content/uploads/2022/09/active-win-10-cmd-tu-dong-2.jpg]
[namhocit.com/wp-content/uploads/2022/09/active-win-10-cmd-tu-dong-3.jpg]
[namhocit.com/wp-content/uploads/2022/09/active-win-10-cmd-tu-dong-4.jpg]
[namhocit.com/wp-content/uploads/2022/09/active-win-10-cmd-tu-dong-5.jpg]
[namhocit.com/wp-content/uploads/2022/09/active-win-10-cmd-tu-dong-6.jpg]
[namhocit.com/wp-content/uploads/2022/09/active-win-10-cmd-thu-cong-1.jpg]
[namhocit.com/wp-content/uploads/2022/09/active-win-10-cmd-thu-cong-2.jpg]
[namhocit.com/wp-content/uploads/2022/09/active-win-10-cmd-thu-cong-3.jpg]
[namhocit.com/wp-content/uploads/2022/09/active-win-10-cmd-thu-cong-4.jpg]
[namhocit.com/wp-content/uploads/2022/09/active-win-10-cmd-thu-cong-5.jpg]
[namhocit.com/wp-content/uploads/2022/09/active-win-10-cmd-thu-cong-6.jpg]
[namhocit.com/wp-content/uploads/2022/09/active-win-10-cmd-thu-cong-7.jpg]
[namhocit.com/wp-content/uploads/2022/09/active-win-10-cmd-thu-cong-8.jpg]
[namhocit.com/wp-content/uploads/2022/09/active-win-10-kmspico-1.jpg]
[namhocit.com/wp-content/uploads/2022/09/active-win-10-kmspico-2.jpg]
[namhocit.com/wp-content/uploads/2022/09/active-win-10-kmspico-3.jpg]
[namhocit.com/wp-content/uploads/2022/09/active-win-10-script-1.jpg]
[namhocit.com/wp-content/uploads/2022/09/active-win-10-script-2.jpg]
[namhocit.com/wp-content/uploads/2022/09/active-win-10-script-3.jpg]
[namhocit.com/wp-content/uploads/2022/09/active-win-10-kmsauto-net-1.jpg]
[namhocit.com/wp-content/uploads/2022/09/active-win-10-kmsauto-net-2.jpg]
[namhocit.com/wp-content/uploads/2022/09/active-win-10-kmsauto-net-3.jpg]
[namhocit.com/wp-content/uploads/2022/09/active-win-10-toolkit-1.jpg]
[namhocit.com/wp-content/uploads/2022/09/active-win-10-toolkit-2.jpg]
[namhocit.com/wp-content/uploads/2022/09/active-win-10-bang-key.jpg]
[namhocit.com/active-win-10/index.html]
[namhocit.com/wp-content/uploads/2022/07/office-2016-full-crack.jpg]
[namhocit.com/wp-content/uploads/2022/07/office-2013-full-crack.jpg]
[namhocit.com/wp-content/uploads/2022/07/office-2007-full-crack.jpg]
[namhocit.com/category/office/page/2/index.html]
[namhocit.com/camtasia-9/index.html]
[namhocit.com/office-2013/index.html]
[namhocit.com/office-2007/index.html]
[namhocit.com/wp-json/wp/v2/posts/1445.json]
[namhocit.com/cach-active-office-2010/feed/index.html]
[namhocit.com/wp-json/oembed/1.0/embedb331.json]
[namhocit.com/wp-json/oembed/1.0/embedec79]
[bandishare.io/wp-content/uploads/2021/09/office-2010-professtional-plus.jpg]
[namhocit.com/wp-content/uploads/2022/09/crack-office-2010-bang-kms-activator.jpg]
[namhocit.com/wp-content/uploads/2022/09/crack-office-2010-bang-kms-activator-thanh-cong.jpg]
[namhocit.com/wp-content/uploads/2022/09/crack-office-2010-full-64bit-bang-kms-activator-thanh-cong.jpg]
[namhocit.com/wp-content/uploads/2022/09/crack-office-2010-full-bang-kms-activator-thanh-cong.jpg]
[namhocit.com/wp-content/uploads/2022/09/crack-office-2010-full-vinh-vien-bang-kms-activator-thanh-cong.jpg]
[namhocit.com/wp-content/uploads/2022/09/crack-office-20210-bang-toolkit-2.jpg]
[namhocit.com/wp-content/uploads/2022/09/crack-office-20210-bang-toolkit-3.jpg]
[namhocit.com/wp-content/uploads/2022/09/crack-office-20210-bang-toolkit-4.jpg]
[namhocit.com/wp-content/uploads/2022/09/crack-office-2010-bang-cmd.jpg]
[namhocit.com/wp-content/uploads/2022/09/crack-office-20210-bang-cmd.jpg]
[namhocit.com/wp-content/uploads/2022/09/crack-office-20210-bang-cmd-2.jpg]
[namhocit.com/wp-content/uploads/2022/09/crack-office-20210-bang-cmd-3.jpg]
[namhocit.com/wp-content/uploads/2022/09/crack-office-20210-bang-cmd-4.jpg]
[namhocit.com/wp-content/uploads/2022/09/crack-office-20210-bang-product-key-1.jpg]
[namhocit.com/wp-content/uploads/2022/09/crack-office-20210-bang-product-key-2.jpg]
[namhocit.com/wp-content/uploads/2022/09/crack-office-20210-bang-kms-pico.jpg]
[namhocit.com/wp-content/uploads/2022/09/crack-office-20210-bang-kms-pico-2.jpg]
[namhocit.com/wp-content/uploads/2022/09/crack-office-20210-bang-kms-pico-3.jpg]
[namhocit.com/wp-content/uploads/2022/09/crack-office-20210-don-gian.jpg]
[namhocit.com/wp-content/uploads/2022/09/crack-office-20210-bang-kmsauto-net-1.jpg]
[namhocit.com/wp-content/uploads/2022/09/crack-office-20210-bang-kmsauto-net-2.jpg]
[namhocit.com/wp-content/uploads/2022/09/crack-office-20210-bang-script.jpg]
[namhocit.com/cach-active-office-2010/index.html]
[namhocit.com/cach-active-office-2019/feed/index.html]
[namhocit.com/wp-json/wp/v2/posts/1471.json]
[namhocit.com/wp-json/oembed/1.0/embeded50.json]
[namhocit.com/wp-json/oembed/1.0/embed7dae]
[namhocit.com/wp-content/uploads/2022/09/active-office-2019-1.jpg]
[namhocit.com/wp-content/uploads/2022/09/active-office-2019-2.jpg]
[namhocit.com/wp-content/uploads/2022/09/active-office-2019-3.jpg]
[namhocit.com/wp-content/uploads/2022/09/active-office-2019-bang-cmd-1.jpg]
[namhocit.com/wp-content/uploads/2022/09/active-office-2019-bang-cmd-2.jpg]
[namhocit.com/wp-content/uploads/2022/09/active-office-2019-bang-cmd-3.jpg]
[namhocit.com/wp-content/uploads/2022/09/active-office-2019-bang-cmd-4.jpg]
[namhocit.com/wp-content/uploads/2022/09/active-office-2019-bang-cmd-5.jpg]
[namhocit.com/wp-content/uploads/2022/09/active-office-2019-bang-cmd-tu-dong-1.jpg]
[namhocit.com/wp-content/uploads/2022/09/active-office-2019-bang-cmd-tu-dong-2.jpg]
[namhocit.com/wp-content/uploads/2022/09/active-office-2019-bang-kmspico-1.jpg]
[namhocit.com/wp-content/uploads/2022/09/active-office-2019-bang-kmspico-2.jpg]
[namhocit.com/wp-content/uploads/2022/09/active-office-2019-bang-kmspico-3.jpg]
[namhocit.com/wp-content/uploads/2022/09/active-office-2019-bang-kms-actavation-1.jpg]
[namhocit.com/wp-content/uploads/2022/09/active-office-2019-bang-kms-auto.jpg]
[namhocit.com/cach-active-office-2019/index.html]
[namhocit.com/wp-json/wp/v2/posts/2147.json]
[namhocit.com/filmora-11-full/feed/index.html]
[namhocit.com/wp-json/oembed/1.0/embedc3db.json]
[namhocit.com/wp-json/oembed/1.0/embed1469]
[namhocit.com/wp-content/uploads/2022/12/filmora-11-full.jpg]
[namhocit.com/wp-content/uploads/2022/12/cai-dat-filmora-11-full-crack-1.jpg]
[namhocit.com/wp-content/uploads/2022/12/cai-dat-filmora-11-full-crack-2.jpg]
[namhocit.com/wp-content/uploads/2022/12/cai-dat-filmora-11-full-crack-3.jpg]
[namhocit.com/wp-content/uploads/2022/12/cai-dat-filmora-11-full-crack-4.jpg]
[namhocit.com/wp-content/uploads/2022/12/cai-dat-filmora-11-full-crack-5.jpg]
[namhocit.com/wp-content/uploads/2022/12/cai-dat-filmora-11-full-crack-6.jpg]
[namhocit.com/wp-content/uploads/2022/12/cai-dat-filmora-11-full-crack-7.jpg]
[namhocit.com/wp-content/uploads/2022/12/cai-dat-filmora-11-full-crack-8.jpg]
[namhocit.com/wp-content/uploads/2022/12/cai-dat-filmora-11-full-crack-9.jpg]
[namhocit.com/wp-content/uploads/2022/12/cai-dat-filmora-11-full-crack-10.jpg]
[namhocit.com/wp-content/uploads/2022/12/cai-dat-filmora-11-full-crack-11.jpg]
[namhocit.com/filmora-11-full/index.html]
[namhocit.com/wp-json/wp/v2/posts/603.json]
[namhocit.com/autocad-2017/feed/index.html]
[namhocit.com/wp-json/oembed/1.0/embed4c86.json]
